// Jest Snapshot v1, https://goo.gl/fbAQLP

exports[`App Renders 1`] = `
Array [
  <header>
    <nav>
      <a
        className="logo"
        href="/"
        onClick={[Function]}
      >
        TV APP
      </a>
    </nav>
  </header>,
  <div
    className="layout-container"
  />,
]
`;
